[Licensing::Module] Trying to connect to existing licensing client channel...
[Licensing::IpcConnector] Successfully connected to: "LicenseClient-13391" at "2026-05-25T13:12:24.2802281Z"
[Licensing::Client] Code 1 while verifying Licensing Client signature (process Id: 23568, path: "D:/UnityHub/Unity Hub/UnityLicensingClient_V1/Unity.Licensing.Client.exe")
[Licensing::Module] LicensingClient has failed validation; ignoring
[Licensing::Client] Error: HandshakeResponse reported an error:
	ResponseCode: 505
	ResponseStatus: Unsupported protocol version '1.16.2'.
[Licensing::Module] Error: Failed to handshake to channel: "LicenseClient-13391"
[Licensing::IpcConnector] LicenseClient-13391 channel disconnected successfully.
[Licensing::IpcConnector] Successfully connected to: "LicenseClient-13391-2022.3.62" at "2026-05-25T13:12:24.2948777Z"
[Licensing::Client] Code 10 while verifying Licensing Client signature (process Id: 23492, path: "D:/unity/Editor/2022.3.62f3c1/Editor/Data/Resources/Licensing/Client/Unity.Licensing.Client.exe")
[Licensing::Module] LicensingClient has failed validation; ignoring
[Licensing::Client] Handshaking with LicensingClient:
  Version:                 1.16.2+bdef8f5
  Session Id:              444b8dffc1d942839a42a68d6fc47afb
  Correlation Id:          188a3bb6dd4e63b2b8c0fda9c5842df6
  External correlation Id: 8211852786843853329
  Machine Id:              fmwNc8haQjkIh9V5JewK/ziv8Gs=
[Licensing::Module] Successfully connected to LicensingClient on channel: "LicenseClient-13391-2022.3.62" (connect: 0.00s, validation: 0.01s, handshake: 0.04s)
[Licensing::IpcConnector] Successfully connected to: "LicenseClient-13391-2022.3.62-notifications" at "2026-05-25T13:12:24.3485797Z"
[Licensing::Module] Error: Access token is unavailable; failed to update
[Licensing::Client] Successfully updated license
Built from '2022.3/china_unity/release' branch; Version is '2022.3.62f3c1 (1623fc0bbb97) revision 1451004'; Using compiler version '192829333'; Build Type 'Release'
OS: 'Windows 11  (10.0.26200) 64bit Core' Language: 'zh' Physical Memory: 32471 MB
[Licensing::Client] Successfully resolved entitlement details
[Licensing::Module] Serial number assigned to: "F4-35S4-N2ZE-FS8G-EBEC-XXXX"
BatchMode: 1, IsHumanControllingUs: 0, StartBugReporterOnCrash: 0, Is64bit: 1, IsPro: 0
[Licensing::Client] Successfully resolved entitlement details

COMMAND LINE ARGUMENTS:
D:\unity\Editor\2022.3.62f3c1\Editor\Unity.exe
-batchmode
-quit
-projectPath
D:\unity\project\MyRPG
-executeMethod
InventoryUIPrefabBuilder.RebuildInventoryPrefabAndScene
-logFile
D:\unity\project\MyRPG\inventory_ui_prefab_build.log
Successfully changed project path to: D:\unity\project\MyRPG
D:/unity/project/MyRPG
It looks like another Unity instance is running with this project open.

Multiple Unity instances cannot open the same project.

Project: D:/unity/project/MyRPG
Fatal Error! It looks like another Unity instance is running with this project open.

Multiple Unity instances cannot open the same project.

Project: D:/unity/project/MyRPG
Crash!!!
SymInit: Symbol-SearchPath: 'D:/unity/Editor/2022.3.62f3c1/Editor/Data/Mono;.;D:\unity\project\MyRPG;D:\unity\project\MyRPG\Library\BurstCache\JIT;D:\unity\Editor\2022.3.62f3c1\Editor;C:\Windows;C:\Windows\system32;', symOptions: 534, UserName: '13391'
OS-Version: 10.0.0
D:\unity\Editor\2022.3.62f3c1\Editor\Unity.exe:Unity.exe (00007FF750370000), size: 96317440 (result: 0), SymType: '-deferred-', PDB: '', fileVersion: 2022.3.62.9212
C:\Windows\SYSTEM32\ntdll.dll:ntdll.dll (00007FFC10FA0000), size: 2519040 (result: 0), SymType: '-deferred-', PDB: '', fileVersion: 10.0.26100.8328
C:\Windows\System32\KERNEL32.DLL:KERNEL32.DLL (00007FFC0F910000), size: 823296 (result: 0), SymType: '-deferred-', PDB: '', fileVersion: 10.0.26100.8328
C:\Windows\System32\KERNELBASE.dll:KERNELBASE.dll (00007FFC0DBF0000), size: 4157440 (result: 0), SymType: '-deferred-', PDB: '', fileVersion: 10.0.26100.8457
C:\Windows\System32\CRYPT32.dll:CRYPT32.dll (00007FFC0E270000), size: 1540096 (result: 0), SymType: '-deferred-', PDB: '', fileVersion: 10.0.26100.8328
C:\Windows\System32\ucrtbase.dll:ucrtbase.dll (00007FFC0E120000), size: 1355776 (result: 0), SymType: '-deferred-', PDB: '', fileVersion: 10.0.26100.8328
C:\Windows\System32\USER32.dll:USER32.dll (00007FFC0F600000), size: 1859584 (result: 0), SymType: '-deferred-', PDB: '', fileVersion: 10.0.26100.8457
C:\Windows\System32\win32u.dll:win32u.dll (00007FFC0ECF0000), size: 159744 (result: 0), SymType: '-deferred-', PDB: '', fileVersion: 10.0.26100.8457
C:\Windows\System32\GDI32.dll:GDI32.dll (00007FFC0FD60000), size: 176128 (result: 0), SymType: '-deferred-', PDB: '', fileVersion: 10.0.26100.8328
C:\Windows\System32\gdi32full.dll:gdi32full.dll (00007FFC0DFF0000), size: 1228800 (result: 0), SymType: '-deferred-', PDB: '', fileVersion: 10.0.26100.8457
D:\unity\Editor\2022.3.62f3c1\Editor\libfbxsdk.dll:libfbxsdk.dll (00007FFB62320000), size: 8019968 (result: 0), SymType: '-deferred-', PDB: '', fileVersion: 2020.3.7.0
D:\unity\Editor\2022.3.62f3c1\Editor\s3tcompress.dll:s3tcompress.dll (00007FFC057C0000), size: 180224 (result: 0), SymType: '-deferred-', PDB: ''
C:\Windows\System32\msvcp_win.dll:msvcp_win.dll (00007FFC0DB40000), size: 667648 (result: 0), SymType: '-deferred-', PDB: '', fileVersion: 10.0.26100.8328
C:\Windows\System32\ADVAPI32.dll:ADVAPI32.dll (00007FFC0ED50000), size: 745472 (result: 0), SymType: '-deferred-', PDB: '', fileVersion: 10.0.26100.8328
D:\unity\Editor\2022.3.62f3c1\Editor\etccompress.dll:etccompress.dll (00007FFB61E40000), size: 5070848 (result: 0), SymType: '-deferred-', PDB: ''
C:\Windows\System32\SHELL32.dll:SHELL32.dll (00007FFC103B0000), size: 7790592 (result: 0), SymType: '-deferred-', PDB: '', fileVersion: 10.0.26100.8457
C:\Windows\System32\msvcrt.dll:msvcrt.dll (00007FFC10BC0000), size: 692224 (result: 0), SymType: '-deferred-', PDB: '', fileVersion: 7.0.26100.8246
D:\unity\Editor\2022.3.62f3c1\Editor\ispc_texcomp.dll:ispc_texcomp.dll (00007FFBA9AC0000), size: 1826816 (result: 0), SymType: '-deferred-', PDB: ''
C:\Windows\System32\sechost.dll:sechost.dll (00007FFC0F860000), size: 684032 (result: 0), SymType: '-deferred-', PDB: '', fileVersion: 10.0.26100.8328
D:\unity\Editor\2022.3.62f3c1\Editor\compress_bc7e.dll:compress_bc7e.dll (00007FFB79040000), size: 1433600 (result: 0), SymType: '-deferred-', PDB: ''
C:\Windows\System32\SHLWAPI.dll:SHLWAPI.dll (00007FFC10340000), size: 417792 (result: 0), SymType: '-deferred-', PDB: '', fileVersion: 10.0.26100.8457
D:\unity\Editor\2022.3.62f3c1\Editor\FreeImage.dll:FreeImage.dll (0000000180000000), size: 5783552 (result: 0), SymType: '-deferred-', PDB: '', fileVersion: 3.18.0.0
C:\Windows\System32\RPCRT4.dll:RPCRT4.dll (00007FFC10220000), size: 1146880 (result: 0), SymType: '-deferred-', PDB: '', fileVersion: 10.0.26100.8328
C:\Windows\System32\Windows.Storage.dll:Windows.Storage.dll (00007FFC0E480000), size: 8830976 (result: 0), SymType: '-deferred-', PDB: '', fileVersion: 10.0.26100.8457
D:\unity\Editor\2022.3.62f3c1\Editor\WinPixEventRuntime.dll:WinPixEventRuntime.dll (00007FFC05AD0000), size: 45056 (result: 0), SymType: '-deferred-', PDB: '', fileVersion: 1.0.1812.6001
C:\Windows\System32\WS2_32.dll:WS2_32.dll (00007FFC0F7D0000), size: 524288 (result: 0), SymType: '-deferred-', PDB: '', fileVersion: 10.0.26100.8328
C:\Windows\System32\combase.dll:combase.dll (00007FFC0FE90000), size: 3682304 (result: 0), SymType: '-deferred-', PDB: '', fileVersion: 10.0.26100.8328
D:\unity\Editor\2022.3.62f3c1\Editor\umbraoptimizer64.dll:umbraoptimizer64.dll (00007FFB65580000), size: 1187840 (result: 0), SymType: '-deferred-', PDB: ''
C:\Windows\System32\ole32.dll:ole32.dll (00007FFC0F9E0000), size: 1667072 (result: 0), SymType: '-deferred-', PDB: '', fileVersion: 10.0.26100.8457
C:\Windows\System32\IMM32.dll:IMM32.dll (00007FFC0F5C0000), size: 204800 (result: 0), SymType: '-deferred-', PDB: '', fileVersion: 10.0.26100.8328
C:\Windows\System32\SETUPAPI.dll:SETUPAPI.dll (00007FFC0F130000), size: 4747264 (result: 0), SymType: '-deferred-', PDB: '', fileVersion: 10.0.26100.8328
C:\Windows\System32\OLEAUT32.dll:OLEAUT32.dll (00007FFC10D80000), size: 888832 (result: 0), SymType: '-deferred-', PDB: '', fileVersion: 10.0.26100.8328
C:\Windows\System32\WINTRUST.dll:WINTRUST.dll (00007FFC0E3F0000), size: 532480 (result: 0), SymType: '-deferred-', PDB: '', fileVersion: 10.0.26100.8328
C:\Windows\SYSTEM32\VCRUNTIME140.dll:VCRUNTIME140.dll (00007FFBFBA50000), size: 122880 (result: 0), SymType: '-deferred-', PDB: '', fileVersion: 14.44.35211.0
C:\Windows\SYSTEM32\MSVCP140.dll:MSVCP140.dll (00007FFBEA180000), size: 561152 (result: 0), SymType: '-deferred-', PDB: '', fileVersion: 14.44.35211.0
C:\Windows\SYSTEM32\VCRUNTIME140_1.dll:VCRUNTIME140_1.dll (00007FFBF8030000), size: 49152 (result: 0), SymType: '-deferred-', PDB: '', fileVersion: 14.44.35211.0
C:\Windows\SYSTEM32\OPENGL32.dll:OPENGL32.dll (00007FFB884A0000), size: 1110016 (result: 0), SymType: '-deferred-', PDB: '', fileVersion: 10.0.26100.8328
C:\Windows\SYSTEM32\GLU32.dll:GLU32.dll (00007FFB88470000), size: 184320 (result: 0), SymType: '-deferred-', PDB: '', fileVersion: 10.0.26100.1150
C:\Windows\SYSTEM32\WINHTTP.dll:WINHTTP.dll (00007FFC04510000), size: 1216512 (result: 0), SymType: '-deferred-', PDB: '', fileVersion: 10.0.26100.8328
C:\Windows\SYSTEM32\IPHLPAPI.DLL:IPHLPAPI.DLL (00007FFC0C1B0000), size: 204800 (result: 0), SymType: '-deferred-', PDB: '', fileVersion: 10.0.26100.8457
C:\Windows\SYSTEM32\WINMM.dll:WINMM.dll (00007FFC0B200000), size: 221184 (result: 0), SymType: '-deferred-', PDB: '', fileVersion: 10.0.26100.8457
C:\Windows\SYSTEM32\bcrypt.dll:bcrypt.dll (00007FFC0D8C0000), size: 172032 (result: 0), SymType: '-deferred-', PDB: '', fileVersion: 10.0.26100.8246
C:\Windows\SYSTEM32\HID.DLL:HID.DLL (00007FFC0BE20000), size: 61440 (result: 0), SymType: '-deferred-', PDB: '', fileVersion: 10.0.26100.1150
C:\Windows\SYSTEM32\dwmapi.dll:dwmapi.dll (00007FFC08490000), size: 192512 (result: 0), SymType: '-deferred-', PDB: '', fileVersion: 10.0.26100.8457
D:\unity\Editor\2022.3.62f3c1\Editor\NativeProxyHelper.dll:NativeProxyHelper.dll (00007FFB653C0000), size: 1789952 (result: 0), SymType: '-deferred-', PDB: ''
C:\Windows\SYSTEM32\VERSION.dll:VERSION.dll (00007FFC05020000), size: 45056 (result: 0), SymType: '-deferred-', PDB: '', fileVersion: 10.0.26100.1150
D:\unity\Editor\2022.3.62f3c1\Editor\SketchUpAPI.dll:SketchUpAPI.dll (00007FFB5FB00000), size: 8990720 (result: 0), SymType: '-deferred-', PDB: '', fileVersion: 23.0.0.0
C:\Windows\SYSTEM32\WSOCK32.dll:WSOCK32.dll (00007FFC05AC0000), size: 40960 (result: 0), SymType: '-deferred-', PDB: '', fileVersion: 10.0.26100.1
C:\Windows\SYSTEM32\dxcore.dll:dxcore.dll (00007FFC0B280000), size: 282624 (result: 0), SymType: '-deferred-', PDB: '', fileVersion: 10.0.26100.8328
C:\Windows\SYSTEM32\Secur32.dll:Secur32.dll (00007FFC08080000), size: 53248 (result: 0), SymType: '-deferred-', PDB: '', fileVersion: 10.0.26100.7705
D:\unity\Editor\2022.3.62f3c1\Editor\SketchUpCommonPreferences.dll:SketchUpCommonPreferences.dll (00007FFBDA6F0000), size: 499712 (result: 0), SymType: '-deferred-', PDB: '', fileVersion: 23.0.0.0
C:\Windows\SYSTEM32\SSPICLI.DLL:SSPICLI.DLL (00007FFC0CB20000), size: 299008 (result: 0), SymType: '-deferred-', PDB: '', fileVersion: 10.0.26100.8328
D:\unity\Editor\2022.3.62f3c1\Editor\OpenRL.dll:OpenRL.dll (000001F3F42F0000), size: 12779520 (result: 0), SymType: '-deferred-', PDB: '', fileVersion: 1.5.0.2907
C:\Windows\SYSTEM32\MSWSOCK.DLL:MSWSOCK.DLL (00007FFC0CDF0000), size: 442368 (result: 0), SymType: '-deferred-', PDB: '', fileVersion: 10.0.26100.8328
C:\Windows\SYSTEM32\MSVCP100.dll:MSVCP100.dll (000000005A130000), size: 622592 (result: 0), SymType: '-deferred-', PDB: '', fileVersion: 10.0.40219.325
C:\Windows\SYSTEM32\MSVCR100.dll:MSVCR100.dll (000000005A050000), size: 860160 (result: 0), SymType: '-deferred-', PDB: '', fileVersion: 10.0.40219.325
D:\unity\Editor\2022.3.62f3c1\Editor\embree.dll:embree.dll (00007FFB59300000), size: 16711680 (result: 0), SymType: '-deferred-', PDB: '', fileVersion: 2.14.0.0
D:\unity\Editor\2022.3.62f3c1\Editor\tbb.dll:tbb.dll (00007FFBBBAF0000), size: 413696 (result: 0), SymType: '-deferred-', PDB: '', fileVersion: 2017.0.2016.1004
C:\Windows\SYSTEM32\MSVCP120.dll:MSVCP120.dll (00007FFBA73D0000), size: 679936 (result: 0), SymType: '-deferred-', PDB: '', fileVersion: 12.0.21005.1
C:\Windows\SYSTEM32\MSVCR120.dll:MSVCR120.dll (00007FFB78F50000), size: 978944 (result: 0), SymType: '-deferred-', PDB: '', fileVersion: 12.0.21005.1
D:\unity\Editor\2022.3.62f3c1\Editor\OpenRL_pthread.dll:OpenRL_pthread.dll (000001F3F4F40000), size: 61440 (result: 0), SymType: '-deferred-', PDB: '', fileVersion: 2.9.0.0
C:\Windows\SYSTEM32\MSASN1.dll:MSASN1.dll (00007FFC0D140000), size: 77824 (result: 0), SymType: '-deferred-', PDB: '', fileVersion: 10.0.26100.8246
C:\Windows\SYSTEM32\CRYPTBASE.DLL:CRYPTBASE.DLL (00007FFC0D0D0000), size: 49152 (result: 0), SymType: '-deferred-', PDB: '', fileVersion: 10.0.26100.8246
C:\Windows\System32\bcryptPrimitives.dll:bcryptPrimitives.dll (00007FFC0D9D0000), size: 688128 (result: 0), SymType: '-deferred-', PDB: '', fileVersion: 10.0.26100.8328
C:\Windows\SYSTEM32\cfgmgr32.DLL:cfgmgr32.DLL (00007FFC0D630000), size: 331776 (result: 0), SymType: '-deferred-', PDB: '', fileVersion: 10.0.26100.8115
C:\Windows\SYSTEM32\kernel.appcore.dll:kernel.appcore.dll (00007FFC0C860000), size: 110592 (result: 0), SymType: '-deferred-', PDB: '', fileVersion: 10.0.26100.8328
C:\Windows\system32\uxtheme.dll:uxtheme.dll (00007FFC081D0000), size: 696320 (result: 0), SymType: '-deferred-', PDB: '', fileVersion: 10.0.26100.8457
C:\Windows\System32\SHCORE.dll:SHCORE.dll (00007FFC10E60000), size: 1007616 (result: 0), SymType: '-deferred-', PDB: '', fileVersion: 10.0.26100.8457
C:\Windows\SYSTEM32\profapi.dll:profapi.dll (00007FFC0D8F0000), size: 167936 (result: 0), SymType: '-deferred-', PDB: '', fileVersion: 10.0.26100.8328
C:\Windows\SYSTEM32\CRYPTSP.dll:CRYPTSP.dll (00007FFC0D0E0000), size: 110592 (result: 0), SymType: '-deferred-', PDB: '', fileVersion: 10.0.26100.8328
C:\Windows\system32\rsaenh.dll:rsaenh.dll (00007FFC0C7C0000), size: 233472 (result: 0), SymType: '-deferred-', PDB: '', fileVersion: 10.0.26100.7705
C:\Windows\System32\imagehlp.dll:imagehlp.dll (00007FFC0ED20000), size: 131072 (result: 0), SymType: '-deferred-', PDB: '', fileVersion: 10.0.26100.4202
C:\Windows\SYSTEM32\gpapi.dll:gpapi.dll (00007FFC0CE60000), size: 192512 (result: 0), SymType: '-deferred-', PDB: '', fileVersion: 10.0.26100.8328
C:\Windows\System32\cryptnet.dll:cryptnet.dll (00007FFC039B0000), size: 241664 (result: 0), SymType: '-deferred-', PDB: '', fileVersion: 10.0.26100.8328
C:\Windows\SYSTEM32\WINNSI.DLL:WINNSI.DLL (00007FFC0B1B0000), size: 57344 (result: 0), SymType: '-deferred-', PDB: '', fileVersion: 10.0.26100.8246
C:\Windows\System32\NSI.dll:NSI.dll (00007FFC0F0B0000), size: 40960 (result: 0), SymType: '-deferred-', PDB: '', fileVersion: 10.0.26100.8246
C:\Windows\system32\IconCodecService.dll:IconCodecService.dll (00007FFBFC830000), size: 45056 (result: 0), SymType: '-deferred-', PDB: '', fileVersion: 10.0.26100.1
C:\Windows\SYSTEM32\WindowsCodecs.dll:WindowsCodecs.dll (00007FFC060A0000), size: 2281472 (result: 0), SymType: '-deferred-', PDB: '', fileVersion: 10.0.26100.8328
C:\Windows\System32\clbcatq.dll:clbcatq.dll (00007FFC0EFE0000), size: 712704 (result: 0), SymType: '-deferred-', PDB: '', fileVersion: 2001.12.10941.16384
C:\Windows\System32\netprofm.dll:netprofm.dll (00007FFC06020000), size: 450560 (result: 0), SymType: '-deferred-', PDB: '', fileVersion: 10.0.26100.8328
C:\Windows\System32\npmproxy.dll:npmproxy.dll (00007FFC03A30000), size: 102400 (result: 0), SymType: '-deferred-', PDB: '', fileVersion: 10.0.26100.8328
C:\Windows\SYSTEM32\dbghelp.dll:dbghelp.dll (00007FFC0BA10000), size: 2367488 (result: 0), SymType: '-deferred-', PDB: '', fileVersion: 10.0.26100.8328

========== OUTPUTTING STACK TRACE ==================

0x00007FFC0DCAFE0A (KERNELBASE) RaiseException
0x00007FF752013D10 (Unity) EditorMonoConsole::LogToConsoleImplementation
0x00007FF7520146FC (Unity) EditorMonoConsole::LogToConsoleImplementation
0x00007FF752CA8ADF (Unity) DebugStringToFilePostprocessedStacktrace
0x00007FF752CA823A (Unity) DebugStringToFile
0x00007FF7521803A7 (Unity) HandleProjectAlreadyOpenInAnotherInstance
0x00007FF752182948 (Unity) Application::InitializeProject
0x00007FF7525FFEE5 (Unity) WinMain
0x00007FF7539C34BE (Unity) __scrt_common_main_seh
0x00007FFC0F93E957 (KERNEL32) BaseThreadInitThunk
0x00007FFC10FA427C (ntdll) RtlUserThreadStart

========== END OF STACKTRACE ===========

A crash has been intercepted by the crash handler. For call stack and other details, see the latest crash report generated in:
 * C:/Users/13391/AppData/Local/Temp/Unity/Editor/Crashes
